Nothing to build in platform 'mb_design_wrapper'

14:47:35 **** Incremental Build of configuration Debug for project DistanciaEuclidiana_SW ****
make all 
'Building file: ../src/distanciaEuclidiana.c'
'Invoking: MicroBlaze gcc compiler'
mb-gcc -Wall -O0 -g3 -c -fmessage-length=0 -MT"src/distanciaEuclidiana.o" -IC:/Users/jcoel/Desktop/CR/ProjetoFinalV3/mb_design_wrapper/export/mb_design_wrapper/sw/mb_design_wrapper/standalone_domain/bspinclude/include -mlittle-endian -mxl-barrel-shift -mno-xl-soft-div -mcpu=v11.0 -mno-xl-soft-mul -Wl,--no-relax -ffunction-sections -fdata-sections -MMD -MP -MF"src/distanciaEuclidiana.d" -MT"src/distanciaEuclidiana.o" -o "src/distanciaEuclidiana.o" "../src/distanciaEuclidiana.c"
'Finished building: ../src/distanciaEuclidiana.c'
' '
'Building target: DistanciaEuclidiana_SW.elf'
'Invoking: MicroBlaze gcc linker'
mb-gcc -Wl,-T -Wl,../src/lscript.ld -LC:/Users/jcoel/Desktop/CR/ProjetoFinalV3/mb_design_wrapper/export/mb_design_wrapper/sw/mb_design_wrapper/standalone_domain/bsplib/lib -mlittle-endian -mxl-barrel-shift -mno-xl-soft-div -mcpu=v11.0 -mno-xl-soft-mul -Wl,--no-relax -Wl,--gc-sections -o "DistanciaEuclidiana_SW.elf"  ./src/distanciaEuclidiana.o ./src/platform.o   -Wl,--start-group,-lxil,-lgcc,-lc,--end-group
'Finished building target: DistanciaEuclidiana_SW.elf'
' '
'Invoking: MicroBlaze Print Size'
mb-size DistanciaEuclidiana_SW.elf  |tee "DistanciaEuclidiana_SW.elf.size"
   text	   data	    bss	    dec	    hex	filename
  36712	    716	   3108	  40536	   9e58	DistanciaEuclidiana_SW.elf
'Finished building: DistanciaEuclidiana_SW.elf.size'
' '
